chi00@DESKTOP-1BOHSOL MINGW64 ~/kadai
$ mkdir git_challenge

chi00@DESKTOP-1BOHSOL MINGW64 ~/kadai
$ cd git_challenge

chi00@DESKTOP-1BOHSOL MINGW64 ~/kadai/git_challenge
$ git init
Initialized empty Git repository in C:/Users/chi00/kadai/git_challenge/.git/

chi00@DESKTOP-1BOHSOL MINGW64 ~/kadai/git_challenge (main)
$ git status
On branch main

No commits yet

nothing to commit (create/copy files and use git add to track)

chi00@DESKTOP-1BOHSOL MINGW64 ~/kadai/git_challenge (main)
$ touch hellow_world.txt

chi00@DESKTOP-1BOHSOL MINGW64 ~/kadai/git_challenge (main)
$ ls
hellow_world.txt

chi00@DESKTOP-1BOHSOL MINGW64 ~/kadai/git_challenge (main)
$ echo Hellow, world! > hello_world.txt

chi00@DESKTOP-1BOHSOL MINGW64 ~/kadai
$ mkdir git_challenge

chi00@DESKTOP-1BOHSOL MINGW64 ~/kadai
$ cd git_challenge

chi00@DESKTOP-1BOHSOL MINGW64 ~/kadai/git_challenge
$ git init
Initialized empty Git repository in C:/Users/chi00/kadai/git_challenge/.git/

chi00@DESKTOP-1BOHSOL MINGW64 ~/kadai/git_challenge (main)
$ git status
On branch main

No commits yet

nothing to commit (create/copy files and use git add to track)

chi00@DESKTOP-1BOHSOL MINGW64 ~/kadai/git_challenge (main)
$ touch hellow_world.txt

chi00@DESKTOP-1BOHSOL MINGW64 ~/kadai/git_challenge (main)
$ ls
hellow_world.txt

chi00@DESKTOP-1BOHSOL MINGW64 ~/kadai/git_challenge (main)
$ echo Hellow, world! > hello_world.txt

chi00@DESKTOP-1BOHSOL MINGW64 ~/kadai/git_challenge (main)
$ cat hello_world.txt
Hellow, world!

chi00@DESKTOP-1BOHSOL MINGW64 ~/kadai/git_challenge (main)
$ git add hello_world.txt
warning: in the working copy of 'hello_world.txt', LF will be replaced by CRLF the next time Git touches it

chi00@DESKTOP-1BOHSOL MINGW64 ~/kadai/git_challenge (main)
$ git commit -m Add Hello,world!
[main (root-commit) 847355c] Add Hello,world!
 1 file changed, 1 insertion(+)
 create mode 100644 hello_world.txt

chi00@DESKTOP-1BOHSOL MINGW64 ~/kadai/git_challenge (main)
$ git log --oneline
847355c (HEAD -> main) Add Hello,world!

chi00@DESKTOP-1BOHSOL MINGW64 ~/kadai/git_challenge (main)
$ echo こんにちは、世界！ >> hello_world.txt

chi00@DESKTOP-1BOHSOL MINGW64 ~/kadai/git_challenge (main)
$ cat hello_world.txt
Hellow, world!
こんにちは、世界！

chi00@DESKTOP-1BOHSOL MINGW64 ~/kadai/git_challenge (main)
$ git add hello_world.txt
warning: in the working copy of 'hello_world.txt', LF will be replaced by CRLF the next time Git touches it

chi00@DESKTOP-1BOHSOL MINGW64 ~/kadai/git_challenge (main)
$ git commit -m Add Japanese greeting
[main 81d53d3] Add Japanese greeting
 1 file changed, 1 insertion(+)

chi00@DESKTOP-1BOHSOL MINGW64 ~/kadai/git_challenge (main)
$ git log --online
fatal: unrecognized argument: --online

chi00@DESKTOP-1BOHSOL MINGW64 ~/kadai/git_challenge (main)
$ git log --oneline
81d53d3 (HEAD -> main) Add Japanese greeting
847355c Add Hello,world!

chi00@DESKTOP-1BOHSOL MINGW64 ~/kadai/git_challenge (main)
$ cd ..

chi00@DESKTOP-1BOHSOL MINGW64 ~/kadai
$ mkdir kadai_005

chi00@DESKTOP-1BOHSOL MINGW64 ~/kadai
$ cd kadai_005

chi00@DESKTOP-1BOHSOL MINGW64 ~/kadai/kadai_005
$ touch kadai_005.txt

chi00@DESKTOP-1BOHSOL MINGW64 ~/kadai/kadai_005
$ ls
kadai_005.txt

